
Allocating common symbols
Common symbol       size              file

netbufpool          0x4               binaries/net.o
readylist           0x2               binaries/ready.o
rfltab              0x5a0             binaries/rflinit.o
netportseed         0x8               binaries/net.o
sleepq              0x2               binaries/clkinit.o
nnames              0x4               binaries/naminit.o
udptab              0x168             binaries/udp.o
minheap             0x4               binaries/meminit.o
marks               0x50              binaries/mark.o
currpid             0x4               binaries/initialize.o
Lf_data             0x20c             binaries/lfsinit.o
porttab             0x2d0             binaries/ptinit.o
girmask             0x2               binaries/evec.o
ttytab              0x110             binaries/ttyinit.o
proctab             0x15e0            binaries/initialize.o
prcount             0x4               binaries/initialize.o
lfltab              0xf00             binaries/lflinit.o
rdstab              0x8c              binaries/rdsinit.o
ethertab            0x138             binaries/ethinit.o
NetData             0xb0              binaries/net.o
nmarks              0x4               binaries/mark.o
Defer               0x8               binaries/resched.o
semtab              0x4b0             binaries/initialize.o
maxheap             0x4               binaries/meminit.o
preempt             0x4               binaries/clkinit.o
buftab              0xf0              binaries/bufinit.o
Rf_data             0x18              binaries/rfsinit.o
mkmutex             0x4               binaries/mark.o
clktime             0x4               binaries/clkinit.o
arpcache            0x140             binaries/arp.o
icmptab             0x230             binaries/icmp.o
nbpools             0x4               binaries/bufinit.o
queuetab            0x980             binaries/queue.o
ptnextid            0x4               binaries/ptinit.o
Ram                 0x19000           binaries/raminit.o
ipoqueue            0x2c              binaries/ip.o
memlist             0x8               binaries/initialize.o
nametab             0x19a0            binaries/naminit.o
ptfree              0x4               binaries/ptinit.o

Discarded input sections

 .group         0x0000000000000000        0x8 binaries/ascdate.o
 .group         0x0000000000000000        0x8 binaries/bufinit.o
 .group         0x0000000000000000        0x8 binaries/chprio.o
 .group         0x0000000000000000        0x8 binaries/clkhandler.o
 .text.__x86.get_pc_thunk.bx
                0x0000000000000000        0x4 binaries/clkhandler.o
 .group         0x0000000000000000        0x8 binaries/clkinit.o
 .text.__x86.get_pc_thunk.bx
                0x0000000000000000        0x4 binaries/clkinit.o
 .group         0x0000000000000000        0x8 binaries/close.o
 .text.__x86.get_pc_thunk.bx
                0x0000000000000000        0x4 binaries/close.o
 .group         0x0000000000000000        0x8 binaries/control.o
 .text.__x86.get_pc_thunk.bx
                0x0000000000000000        0x4 binaries/control.o
 .group         0x0000000000000000        0x8 binaries/create.o
 .group         0x0000000000000000        0x8 binaries/create.o
 .text.__x86.get_pc_thunk.cx
                0x0000000000000000        0x4 binaries/create.o
 .text.__x86.get_pc_thunk.bx
                0x0000000000000000        0x4 binaries/create.o
 .group         0x0000000000000000        0x8 binaries/early_imr.o
 .group         0x0000000000000000        0x8 binaries/early_imr.o
 .text.__x86.get_pc_thunk.ax
                0x0000000000000000        0x4 binaries/early_imr.o
 .text.__x86.get_pc_thunk.bx
                0x0000000000000000        0x4 binaries/early_imr.o
 .group         0x0000000000000000        0x8 binaries/evec.o
 .group         0x0000000000000000        0x8 binaries/evec.o
 .text.__x86.get_pc_thunk.ax
                0x0000000000000000        0x4 binaries/evec.o
 .text.__x86.get_pc_thunk.bx
                0x0000000000000000        0x4 binaries/evec.o
 .group         0x0000000000000000        0x8 binaries/exit.o
 .text.__x86.get_pc_thunk.bx
                0x0000000000000000        0x4 binaries/exit.o
 .group         0x0000000000000000        0x8 binaries/freebuf.o
 .text.__x86.get_pc_thunk.bx
                0x0000000000000000        0x4 binaries/freebuf.o
 .group         0x0000000000000000        0x8 binaries/freemem.o
 .text.__x86.get_pc_thunk.bx
                0x0000000000000000        0x4 binaries/freemem.o
 .group         0x0000000000000000        0x8 binaries/getbuf.o
 .text.__x86.get_pc_thunk.bx
                0x0000000000000000        0x4 binaries/getbuf.o
 .group         0x0000000000000000        0x8 binaries/getc.o
 .text.__x86.get_pc_thunk.bx
                0x0000000000000000        0x4 binaries/getc.o
 .group         0x0000000000000000        0x8 binaries/getdev.o
 .text.__x86.get_pc_thunk.bx
[...]
Memory Configuration

Name             Origin             Length             Attributes
*default*        0x0000000000000000 0xffffffffffffffff

Linker script and memory map

                0x0000000000100000                physbase = 0x100000
                0x0000000000100000                . = physbase
                0x0000000000100000                . = ALIGN (0x1000)

.text           0x0000000000100000    0x1c000
                0x0000000000100000                text = ABSOLUTE (.)
 *(.text .text.*)
 .text          0x0000000000100000      0x1b4 binaries/start.o
                0x0000000000100024                start
                0x00000000001000f6                inb
                0x00000000001000fe                inw
                0x0000000000100107                inl
                0x000000000010010f                outb
                0x0000000000100119                outw
                0x0000000000100124                outl
                0x000000000010012e                _rtcin
                0x0000000000100139                ___udivsi3
                0x0000000000100144                ___divsi3
                0x0000000000100150                sbzero
                0x0000000000100160                insw
                0x0000000000100176                outsw
                0x000000000010018c                bcopy
                0x00000000001001a0                lidt
                0x00000000001001a8                cpuid
 .text          0x00000000001001b4      0x404 binaries/ascdate.o
                0x00000000001001b4                ascdate
 .text.__x86.get_pc_thunk.cx
                0x00000000001005b8        0x4 binaries/ascdate.o
                0x00000000001005b8                __x86.get_pc_thunk.cx
 .text          0x00000000001005bc       0x20 binaries/bufinit.o
                0x00000000001005bc                bufinit
 .text.__x86.get_pc_thunk.ax
                0x00000000001005dc        0x4 binaries/bufinit.o
                0x00000000001005dc                __x86.get_pc_thunk.ax
 .text          0x00000000001005e0       0xa2 binaries/chprio.o
                0x00000000001005e0                chprio
 .text.__x86.get_pc_thunk.bx
                0x0000000000100682        0x4 binaries/chprio.o
                0x0000000000100682                __x86.get_pc_thunk.bx
 .text          0x0000000000100686       0xd7 binaries/clkhandler.o
                0x0000000000100686                clkhandler
 .text          0x000000000010075d       0x95 binaries/clkinit.o
                0x000000000010075d                clkinit
 .text          0x00000000001007f2       0x86 binaries/close.o
                0x00000000001007f2                close
 .text          0x0000000000100878        0x0 binaries/conf.o
 .text          0x0000000000100878       0x8c binaries/control.o
                0x0000000000100878                control
 .text          0x0000000000100904      0x2ef binaries/create.o
                0x0000000000100904                create
 .text          0x0000000000100bf3      0x30e binaries/early_imr.o
                0x0000000000100bf3                intel_cln_early_sb_read_reg
                0x0000000000100c84                intel_cln_early_sb_write_reg
                0x0000000000100e63                remove_irm_protections
 .text          0x0000000000100f01      0x505 binaries/evec.o
                0x0000000000100f01                initevec
                0x0000000000101012                set_evec
                0x00000000001010d0                setirmask
                0x0000000000101142                trap
 .text          0x0000000000101406       0x29 binaries/exit.o
                0x0000000000101406                exit
 .text          0x000000000010142f       0xa1 binaries/freebuf.o
                0x000000000010142f                freebuf
 .text          0x00000000001014d0      0x195 binaries/freemem.o
                0x00000000001014d0                freemem
 .text          0x0000000000101665       0x9f binaries/getbuf.o
                0x0000000000101665                getbuf
 .text          0x0000000000101704       0x86 binaries/getc.o
                0x0000000000101704                getc
 .text          0x000000000010178a       0x86 binaries/getdev.o
                0x000000000010178a                getdev
 .text          0x0000000000101810      0x111 binaries/getitem.o
                0x0000000000101810                getfirst
                0x0000000000101866                getlast
                0x00000000001018be                getitem
 .text.__x86.get_pc_thunk.dx
                0x0000000000101921        0x4 binaries/getitem.o
                0x0000000000101921                __x86.get_pc_thunk.dx
 .text          0x0000000000101925      0x132 binaries/getmem.o
                0x0000000000101925                getmem
 .text          0x0000000000101a57       0x17 binaries/getpid.o
                0x0000000000101a57                getpid
 .text          0x0000000000101a6e       0x8c binaries/getprio.o
                0x0000000000101a6e                getprio
 .text          0x0000000000101afa      0x119 binaries/getstk.o
                0x0000000000101afa                getstk
 .text          0x0000000000101c13       0x20 binaries/getticks.o
                0x0000000000101c13                getticks
 .text          0x0000000000101c33       0x4a binaries/gettime.o
                0x0000000000101c33                gettime
 .text          0x0000000000101c7d      0x21c binaries/getutime.o
                0x0000000000101c7d                getutime
 .text          0x0000000000101e99       0x86 binaries/init.o
                0x0000000000101e99                init
 .text          0x0000000000101f1f      0x3b6 binaries/initialize.o
                0x0000000000101f1f                nulluser
                0x0000000000102262                stop
                0x000000000010229d                delay
 .text          0x00000000001022d5      0x105 binaries/insert.o
                0x00000000001022d5                insert
 .text          0x00000000001023da      0x13e binaries/insertd.o
                0x00000000001023da                insertd
 .text          0x0000000000102518       0x14 binaries/ioerr.o
                0x0000000000102518                ioerr
 .text          0x000000000010252c       0x14 binaries/ionull.o
                0x000000000010252c                ionull
 .text          0x0000000000102540      0x1c8 binaries/kill.o
                0x0000000000102540                kill
 .text          0x0000000000102708      0x16c binaries/kprintf.o
                0x0000000000102708                kputc
                0x00000000001027a4                kgetc
                0x0000000000102838                kprintf
 .text          0x0000000000102874      0x114 binaries/main.o
                0x0000000000102874                main
 .text          0x0000000000102988       0xf0 binaries/mark.o
                0x0000000000102988                markinit
                0x00000000001029c3                mark
 .text          0x0000000000102a78      0x32d binaries/meminit.o
                0x0000000000102a78                meminit
                0x0000000000102ce2                setsegs
 .text          0x0000000000102da5      0x194 binaries/mkbufpool.o
                0x0000000000102da5                mkbufpool
 .text          0x0000000000102f39       0x2b binaries/mymotd.o
                0x0000000000102f39                mymotd
 .text          0x0000000000102f64       0xbb binaries/newqueue.o
                0x0000000000102f64                newqueue
 .text          0x000000000010301f       0x8c binaries/open.o
                0x000000000010301f                open
 .text          0x00000000001030ab       0x2e binaries/panic.o
                0x00000000001030ab                panic
 .text          0x00000000001030d9      0x4a7 binaries/pci.o
                0x00000000001030d9                pci_init
                0x000000000010319f                find_pci_device
                0x0000000000103290                pci_read_config_byte
                0x00000000001032f8                pci_read_config_word
                0x0000000000103362                pci_read_config_dword
                0x00000000001033ca                pci_write_config_byte
                0x0000000000103436                pci_write_config_word
                0x00000000001034a4                pci_write_config_dword
                0x000000000010350a                pci_get_dev_mmio_base_addr
 .text          0x0000000000103580      0x10a binaries/platinit.o
                0x0000000000103580                cpu_is_quark
                0x00000000001035ae                console_init
                0x000000000010360b                platinit
 .text          0x000000000010368a      0x105 binaries/ptclear.o
                0x000000000010368a                _ptclear
 .text          0x000000000010378f       0xaf binaries/ptcount.o
                0x000000000010378f                ptcount
 .text          0x000000000010383e      0x138 binaries/ptcreate.o
                0x000000000010383e                ptcreate
 .text          0x0000000000103976       0x94 binaries/ptdelete.o
                0x0000000000103976                ptdelete
 .text          0x0000000000103a0a       0xe7 binaries/ptinit.o
                0x0000000000103a0a                ptinit
 .text          0x0000000000103af1      0x135 binaries/ptrecv.o
                0x0000000000103af1                ptrecv
 .text          0x0000000000103c26       0x89 binaries/ptreset.o
                0x0000000000103c26                ptreset
 .text          0x0000000000103caf      0x15a binaries/ptsend.o
                0x0000000000103caf                ptsend
 .text          0x0000000000103e09       0x91 binaries/putc.o
                0x0000000000103e09                putc
 .text          0x0000000000103e9a       0xdb binaries/quark_irq.o
                0x0000000000103e9a                quark_irq_routing
 .text          0x0000000000103f75      0x20f binaries/quark_pdat.o
                0x0000000000103f75                get_quark_pdat_entry_data_by_id
                0x0000000000104077                get_quark_pdat_entry_data_by_desc
 .text          0x0000000000104184      0x146 binaries/queue.o
                0x0000000000104184                enqueue
                0x0000000000104245                dequeue
 .text          0x00000000001042ca      0x2fd binaries/rcreate.o
                0x00000000001042ca                rcreate
 .text          0x00000000001045c7       0x8c binaries/read.o
                0x00000000001045c7                read
 .text          0x0000000000104653       0x8c binaries/ready.o
                0x0000000000104653                ready
 .text          0x00000000001046df       0x74 binaries/receive.o
                0x00000000001046df                receive
 .text          0x0000000000104753       0x70 binaries/recvclr.o
                0x0000000000104753                recvclr
 .text          0x00000000001047c3       0xd5 binaries/recvtime.o
                0x00000000001047c3                recvtime
 .text          0x0000000000104898      0x1ce binaries/resched.o
                0x0000000000104898                resched
                0x00000000001049c8                resched_cntl
 .text          0x0000000000104a66       0xbf binaries/resume.o
                0x0000000000104a66                resume
 .text          0x0000000000104b25       0x8a binaries/seek.o
                0x0000000000104b25                seek
 .text          0x0000000000104baf       0x87 binaries/semcount.o
                0x0000000000104baf                semcount
 .text          0x0000000000104c36      0x100 binaries/semcreate.o
                0x0000000000104c36                semcreate
 .text          0x0000000000104d36       0xdf binaries/semdelete.o
                0x0000000000104d36                semdelete
 .text          0x0000000000104e15       0xe3 binaries/semreset.o
                0x0000000000104e15                semreset
 .text          0x0000000000104ef8       0xfb binaries/send.o
                0x0000000000104ef8                send
 .text          0x0000000000104ff3       0xba binaries/signal.o
                0x0000000000104ff3                signal
 .text          0x00000000001050ad       0xe8 binaries/signaln.o
                0x00000000001050ad                signaln
 .text          0x0000000000105195      0x10e binaries/sleep.o
                0x0000000000105195                sleep
                0x00000000001051ed                sleepms
 .text          0x00000000001052a3       0xf5 binaries/suspend.o
                0x00000000001052a3                suspend
 .text          0x0000000000105398      0x100 binaries/unsleep.o
                0x0000000000105398                unsleep
 .text          0x0000000000105498       0x29 binaries/userret.o
                0x0000000000105498                userret
 .text          0x00000000001054c1       0xf5 binaries/wait.o
                0x00000000001054c1                wait
 .text          0x00000000001055b6       0x98 binaries/wakeup.o
                0x00000000001055b6                wakeup
 .text          0x000000000010564e       0x8c binaries/write.o
                0x000000000010564e                write
 .text          0x00000000001056da       0x2f binaries/xdone.o
                0x00000000001056da                xdone
 .text          0x0000000000105709       0x37 binaries/yield.o
                0x0000000000105709                yield
 .text          0x0000000000105740       0x1b binaries/abs.o
                0x0000000000105740                abs
 .text          0x000000000010575b       0x99 binaries/atoi.o
                0x000000000010575b                atoi
 .text          0x00000000001057f4       0x99 binaries/atol.o
                0x00000000001057f4                atol
 .text          0x000000000010588d       0x3c binaries/bzero.o
                0x000000000010588d                bzero
 .text          0x00000000001058c9        0x0 binaries/ctype_.o
 .text          0x00000000001058c9      0x94d binaries/doprnt.o
                0x00000000001058c9                _doprnt
 .text          0x0000000000106216      0x6cb binaries/doscan.o
                0x0000000000106216                _doscan
 .text.__x86.get_pc_thunk.di
                0x00000000001068e1        0x4 binaries/doscan.o
                0x00000000001068e1                __x86.get_pc_thunk.di
 .text          0x00000000001068e5      0x76a binaries/fdoprnt.o
                0x00000000001068e5                _fdoprnt
 .text          0x000000000010704f       0x39 binaries/fgetc.o
                0x000000000010704f                fgetc
 .text          0x0000000000107088       0x84 binaries/fgets.o
                0x0000000000107088                fgets
 .text          0x000000000010710c       0x3c binaries/fprintf.o
                0x000000000010710c                fprintf
 .text          0x0000000000107148       0x3c binaries/fputc.o
                0x0000000000107148                fputc
 .text          0x0000000000107184       0x52 binaries/fputs.o
                0x0000000000107184                fputs
 .text          0x00000000001071d6       0xb8 binaries/fscanf.o
                0x00000000001071d6                fscanf
 .text          0x000000000010728e       0x46 binaries/getchar.o
                0x000000000010728e                getchar
 .text          0x00000000001072d4       0x1b binaries/labs.o
                0x00000000001072d4                labs
 .text          0x00000000001072ef        0x0 binaries/memchr.o
 .text          0x00000000001072ef       0x5b binaries/memcmp.o
                0x00000000001072ef                memcmp
 .text          0x000000000010734a       0x49 binaries/memcpy.o
                0x000000000010734a                memcpy
 .text          0x0000000000107393       0x3a binaries/memset.o
                0x0000000000107393                memset
 .text          0x00000000001073cd       0x5e binaries/printf.o
                0x00000000001073cd                printf
 .text          0x000000000010742b       0x49 binaries/putchar.o
                0x000000000010742b                putchar
 .text          0x0000000000107474      0x2b7 binaries/qsort.o
                0x0000000000107474                qsort
 .text          0x000000000010772b       0x81 binaries/rand.o
                0x000000000010772b                rand
                0x000000000010774f                rand_r
                0x0000000000107793                srand
 .text          0x00000000001077ac       0x82 binaries/sprintf.o
                0x00000000001077ac                sprintf
 .text          0x000000000010782e       0x98 binaries/sscanf.o
                0x000000000010782e                sscanf
 .text          0x00000000001078c6       0x46 binaries/strchr.o
                0x00000000001078c6                strchr
 .text          0x000000000010790c       0x4f binaries/strcmp.o
                0x000000000010790c                strcmp
 .text          0x000000000010795b       0x31 binaries/strcpy.o
                0x000000000010795b                strcpy
 .text          0x000000000010798c       0x30 binaries/strlen.o
                0x000000000010798c                strlen
 .text          0x00000000001079bc       0x60 binaries/strncat.o
                0x00000000001079bc                strncat
 .text          0x0000000000107a1c       0x68 binaries/strncmp.o
                0x0000000000107a1c                strncmp
 .text          0x0000000000107a84       0x59 binaries/strncpy.o
                0x0000000000107a84                strncpy
 .text          0x0000000000107add       0x38 binaries/strnlen.o
                0x0000000000107add                strnlen
 .text          0x0000000000107b15       0x4f binaries/strrchr.o
                0x0000000000107b15                strrchr
 .text          0x0000000000107b64       0x78 binaries/strstr.o
                0x0000000000107b64                strstr
 .text          0x0000000000107bdc       0xfb binaries/ttycontrol.o
                0x0000000000107bdc                ttycontrol
 .text          0x0000000000107cd7       0xab binaries/ttygetc.o
                0x0000000000107cd7                ttygetc
 .text          0x0000000000107d82      0x713 binaries/ttyhandle_in.o
                0x0000000000107d82                ttyhandle_in
 .text          0x0000000000108495      0x197 binaries/ttyhandle_out.o
                0x0000000000108495                ttyhandle_out
 .text          0x000000000010862c       0xcf binaries/ttyhandler.o
                0x000000000010862c                ttyhandler
 .text          0x00000000001086fb      0x203 binaries/ttyinit.o
                0x00000000001086fb                ttyinit
 .text          0x00000000001088fe       0x1a binaries/ttykickout.o
                0x00000000001088fe                ttykickout
 .text          0x0000000000108918       0xc9 binaries/ttyputc.o
                0x0000000000108918                ttyputc
 .text          0x00000000001089e1      0x12d binaries/ttyread.o
                0x00000000001089e1                ttyread
 .text          0x0000000000108b0e       0x5c binaries/ttywrite.o
                0x0000000000108b0e                ttywrite
 .text          0x0000000000108b6a      0x174 binaries/mount.o
                0x0000000000108b6a                mount
                0x0000000000108c9e                namlen
 .text          0x0000000000108cde      0x220 binaries/naminit.o
                0x0000000000108cde                naminit
 .text          0x0000000000108efe      0x243 binaries/nammap.o
                0x0000000000108efe                nammap
                0x0000000000108f9b                namrepl
                0x00000000001090e7                namcpy
 .text          0x0000000000109141       0x5d binaries/namopen.o
                0x0000000000109141                namopen
 .text          0x000000000010919e       0xa8 binaries/ethcontrol.o
                0x000000000010919e                ethcontrol
 .text          0x0000000000109246      0x19f binaries/ethhandler.o
                0x0000000000109246                ethhandler
 .text          0x00000000001093e5      0x770 binaries/ethinit.o
                0x00000000001093e5                eth_phy_read
                0x0000000000109459                eth_phy_write
                0x00000000001094d8                eth_phy_reset
                0x000000000010962c                ethinit
 .text.__x86.get_pc_thunk.si
                0x0000000000109b55        0x4 binaries/ethinit.o
                0x0000000000109b55                __x86.get_pc_thunk.si
 .text          0x0000000000109b59      0x19c binaries/ethmcast.o
                0x0000000000109b59                ethmcast_add
                0x0000000000109be6                ethmcast_remove
 .text          0x0000000000109cf5      0x1a1 binaries/ethread.o
                0x0000000000109cf5                ethread
 .text          0x0000000000109e96      0x10a binaries/ethwrite.o
                0x0000000000109e96                ethwrite
 .text          0x0000000000109fa0       0xaf binaries/rdsbufalloc.o
                0x0000000000109fa0                rdsbufalloc
 .text          0x000000000010a04f       0xcf binaries/rdsclose.o
                0x000000000010a04f                rdsclose
 .text          0x000000000010a11e      0x304 binaries/rdscomm.o
                0x000000000010a11e                rdscomm
 .text          0x000000000010a422      0x242 binaries/rdscontrol.o
                0x000000000010a422                rdscontrol
 .text          0x000000000010a664      0x204 binaries/rdsinit.o
                0x000000000010a664                rdsinit
 .text          0x000000000010a868      0x1a4 binaries/rdsopen.o
                0x000000000010a868                rdsopen
 .text          0x000000000010aa0c      0x471 binaries/rdsprocess.o
                0x000000000010aa0c                rdsprocess
 .text          0x000000000010ae7d      0x262 binaries/rdsread.o
                0x000000000010ae7d                rdsread
 .text          0x000000000010b0df      0x202 binaries/rdswrite.o
                0x000000000010b0df                rdswrite
 .text          0x000000000010b2e1       0x14 binaries/ramclose.o
                0x000000000010b2e1                ramclose
 .text          0x000000000010b2f5       0x58 binaries/raminit.o
                0x000000000010b2f5                raminit
 .text          0x000000000010b34d       0x14 binaries/ramopen.o
                0x000000000010b34d                ramopen
 .text          0x000000000010b361       0x47 binaries/ramread.o
                0x000000000010b361                ramread
 .text          0x000000000010b3a8       0x47 binaries/ramwrite.o
                0x000000000010b3a8                ramwrite
 .text          0x000000000010b3ef       0xc4 binaries/lfdballoc.o
                0x000000000010b3ef                lfdballoc
 .text          0x000000000010b4b3       0x6c binaries/lfdbfree.o
                0x000000000010b4b3                lfdbfree
 .text          0x000000000010b51f       0xe0 binaries/lfflush.o
                0x000000000010b51f                lfflush
 .text          0x000000000010b5ff       0xe2 binaries/lfgetmode.o
                0x000000000010b5ff                lfgetmode
 .text          0x000000000010b6e1       0x92 binaries/lfiballoc.o
                0x000000000010b6e1                lfiballoc
 .text          0x000000000010b773       0x45 binaries/lfibclear.o
                0x000000000010b773                lfibclear
 .text          0x000000000010b7b8       0xbc binaries/lfibget.o
                0x000000000010b7b8                lfibget
 .text          0x000000000010b874       0xeb binaries/lfibput.o
                0x000000000010b874                lfibput
 .text          0x000000000010b95f       0xbb binaries/lflclose.o
                0x000000000010b95f                lflclose
 .text          0x000000000010ba1a       0xef binaries/lflcontrol.o
                0x000000000010ba1a                lflcontrol
 .text          0x000000000010bb09      0x104 binaries/lflgetc.o
                0x000000000010bb09                lflgetc
 .text          0x000000000010bc0d      0x102 binaries/lflinit.o
                0x000000000010bc0d                lflinit
 .text          0x000000000010bd0f      0x13a binaries/lflputc.o
                0x000000000010bd0f                lflputc
 .text          0x000000000010be49       0x7f binaries/lflread.o
                0x000000000010be49                lflread
 .text          0x000000000010bec8       0xbe binaries/lflseek.o
                0x000000000010bec8                lflseek
 .text          0x000000000010bf86       0x64 binaries/lflwrite.o
                0x000000000010bf86                lflwrite
 .text          0x000000000010bfea       0x6c binaries/lfscheck.o
                0x000000000010bfea                lfscheck
 .text          0x000000000010c056      0x194 binaries/lfsckfmt.o
                0x000000000010c056                lfsckfmt
 .text          0x000000000010c1ea      0x1be binaries/lfscreate.o
                0x000000000010c1ea                lfscreate
 .text          0x000000000010c3a8      0x2a3 binaries/lfsetup.o
                0x000000000010c3a8                lfsetup
 .text          0x000000000010c64b       0x81 binaries/lfsinit.o
                0x000000000010c64b                lfsinit
 .text          0x000000000010c6cc      0x411 binaries/lfsopen.o
                0x000000000010c6cc                lfsopen
 .text          0x000000000010cadd      0x18a binaries/lftruncate.o
                0x000000000010cadd                lftruncate
 .text          0x000000000010cc67       0x8f binaries/rflclose.o
                0x000000000010cc67                rflclose
 .text          0x000000000010ccf6       0x42 binaries/rflgetc.o
                0x000000000010ccf6                rflgetc
 .text          0x000000000010cd38       0x86 binaries/rflinit.o
                0x000000000010cd38                rflinit
 .text          0x000000000010cdbe       0x43 binaries/rflputc.o
                0x000000000010cdbe                rflputc
 .text          0x000000000010ce01      0x396 binaries/rflread.o
                0x000000000010ce01                rflread
 .text          0x000000000010d197       0x92 binaries/rflseek.o
                0x000000000010d197                rflseek
 .text          0x000000000010d229      0x381 binaries/rflwrite.o
                0x000000000010d229                rflwrite
 .text          0x000000000010d5aa      0x21d binaries/rfscomm.o
                0x000000000010d5aa                rfscomm
 .text          0x000000000010d7c7      0x2cc binaries/rfscontrol.o
                0x000000000010d7c7                rfscontrol
 .text          0x000000000010da93       0xe2 binaries/rfsgetmode.o
                0x000000000010da93                rfsgetmode
 .text          0x000000000010db75       0xb5 binaries/rfsinit.o
                0x000000000010db75                rfsinit
 .text          0x000000000010dc2a      0x122 binaries/rfsndmsg.o
                0x000000000010dc2a                rfsndmsg
 .text          0x000000000010dd4c      0x2e3 binaries/rfsopen.o
                0x000000000010dd4c                rfsopen
 .text          0x000000000010e02f      0x8e6 binaries/arp.o
                0x000000000010e02f                arp_init
                0x000000000010e075                arp_resolve
                0x000000000010e363                arp_in
                0x000000000010e645                arp_alloc
                0x000000000010e727                arp_ntoh
                0x000000000010e81e                arp_hton
 .text          0x000000000010e915      0x97b binaries/dhcp.o
                0x000000000010e915                dhcp_get_opt_val
                0x000000000010e978                dhcp_bld_bootp_msg
                0x000000000010ea9f                dhcp_bld_disc
                0x000000000010eb92                dhcp_bld_req
                0x000000000010ed15                getlocalip
 .text          0x000000000010f290      0x5f4 binaries/dns.o
                0x000000000010f290                dnslookup
 .text          0x000000000010f884       0xf4 binaries/dot2ip.o
                0x000000000010f884                dot2ip
 .text          0x000000000010f978      0x528 binaries/hexdump.o
                0x000000000010f978                hexdump
                0x000000000010fb46                hexadump
 .text          0x000000000010fea0      0x939 binaries/icmp.o
                0x000000000010fea0                icmp_init
                0x000000000010fee6                icmp_in
                0x00000000001100c7                icmp_register
                0x00000000001101d1                icmp_recv
                0x000000000011036f                icmp_send
                0x0000000000110404                icmp_mkpkt
                0x0000000000110538                icmp_release
                0x0000000000110645                icmp_cksum
                0x00000000001106db                icmp_hton
                0x000000000011075a                icmp_ntoh
 .text          0x00000000001107d9      0x96c binaries/ip.o
                0x00000000001107d9                ip_in
                0x000000000011097e                ip_send
                0x0000000000110b00                ip_local
                0x0000000000110b61                ip_out
                0x0000000000110ca9                ipcksum
                0x0000000000110d39                ip_ntoh
                0x0000000000110e30                ip_hton
                0x0000000000110f27                ipout
                0x000000000011107e                ip_enqueue
 .text          0x0000000000111145      0x337 binaries/net.o
                0x0000000000111145                net_init
                0x00000000001112a5                netin
                0x0000000000111373                eth_hton
                0x00000000001113a8                eth_ntoh
                0x00000000001113dd                getport
 .text          0x000000000011147c     0x15bc binaries/pdump.o
                0x000000000011147c                pdump
                0x00000000001122d4                pdumph
 .text          0x0000000000112a38      0x4ee binaries/tftp.o
                0x0000000000112a38                tftp_send1
                0x0000000000112bcb                tftpget
 .text          0x0000000000112f26      0xc36 binaries/udp.o
                0x0000000000112f26                udp_init
                0x0000000000112f6c                udp_in
                0x00000000001130bf                udp_register
                0x000000000011320e                udp_recv
                0x00000000001133bd                udp_recvaddr
                0x0000000000113584                udp_send
                0x0000000000113787                udp_sendto
                0x0000000000113952                udp_release
                0x0000000000113a5e                udp_ntoh
                0x0000000000113add                udp_hton
 .text          0x0000000000113b5c      0x14d binaries/addargs.o
                0x0000000000113b5c                addargs
 .text          0x0000000000113ca9      0x2d1 binaries/lexan.o
                0x0000000000113ca9                lexan
 .text          0x0000000000113f7a      0x6dd binaries/shell.o
                0x0000000000113f7a                shell
 .text          0x0000000000114657       0x7e binaries/xsh_argecho.o
                0x0000000000114657                xsh_argecho
 .text          0x00000000001146d5      0x2cc binaries/xsh_arp.o
                0x00000000001146d5                xsh_arp
 .text          0x00000000001149a1      0x2ae binaries/xsh_cat.o
                0x00000000001149a1                xsh_cat
 .text          0x0000000000114c4f       0x7a binaries/xsh_clear.o
                0x0000000000114c4f                xsh_clear
 .text          0x0000000000114cc9      0x354 binaries/xsh_date.o
                0x0000000000114cc9                xsh_date
 .text          0x000000000011501d       0xcb binaries/xsh_devdump.o
                0x000000000011501d                xsh_devdump
 .text          0x00000000001150e8       0x87 binaries/xsh_echo.o
                0x00000000001150e8                xsh_echo
 .text          0x000000000011516f       0x14 binaries/xsh_exit.o
                0x000000000011516f                xsh_exit
 .text          0x0000000000115183      0x3e9 binaries/xsh_help.o
                0x0000000000115183                xsh_help
 .text          0x000000000011556c      0x287 binaries/xsh_kill.o
                0x000000000011556c                xsh_kill
 .text          0x00000000001157f3      0x5ad binaries/xsh_memdump.o
                0x00000000001157f3                xsh_memdump
 .text          0x0000000000115da0      0x316 binaries/xsh_memstat.o
                0x0000000000115da0                xsh_memstat
 .text          0x00000000001160b6      0x5d5 binaries/xsh_netinfo.o
                0x00000000001160b6                xsh_netinfo
 .text          0x000000000011668b      0x4e7 binaries/xsh_ping.o
                0x000000000011668b                xsh_ping
 .text          0x0000000000116b72      0x27c binaries/xsh_ps.o
                0x0000000000116b72                xsh_ps
 .text          0x0000000000116dee      0x265 binaries/xsh_sleep.o
                0x0000000000116dee                xsh_sleep
 .text          0x0000000000117053      0x2d8 binaries/xsh_udpdump.o
                0x0000000000117053                xsh_udpdump
 .text          0x000000000011732b      0x532 binaries/xsh_udpecho.o
                0x000000000011732b                xsh_udpecho
 .text          0x000000000011785d      0x2fb binaries/xsh_udpserver.o
                0x000000000011785d                xsh_udpeserver
 .text          0x0000000000117b58      0x230 binaries/xsh_uptime.o
                0x0000000000117b58                xsh_uptime
 .text          0x0000000000117d88        0xe binaries/clkdisp.o
                0x0000000000117d88                clkdisp
 .text          0x0000000000117d96       0x19 binaries/ctxsw.o
                0x0000000000117d96                ctxsw
 .text          0x0000000000117daf      0x368 binaries/intr.o
                0x0000000000117daf                disable
                0x0000000000117db8                restore
                0x0000000000117dc6                enable
                0x0000000000117dc8                pause
                0x0000000000117dcf                halt
                0x0000000000117dd2                spurious_irq7
                0x0000000000117dd7                spurious_irq15
                0x0000000000117de6                _Xint0
                0x0000000000117df1                _Xint1
                0x0000000000117dfc                _Xint2
                0x0000000000117e07                _Xint3
                0x0000000000117e12                _Xint4
                0x0000000000117e1d                _Xint5
                0x0000000000117e28                _Xint6
                0x0000000000117e33                _Xint7
                0x0000000000117e3e                _Xint8
                0x0000000000117e49                _Xint9
                0x0000000000117e54                _Xint10
                0x0000000000117e5f                _Xint11
                0x0000000000117e6d                _Xint12
                0x0000000000117e7b                _Xint13
                0x0000000000117e89                _Xint14
                0x0000000000117e97                _Xint15
                0x0000000000117ea5                _Xint16
                0x0000000000117eb3                _Xint17
                0x0000000000117ec1                _Xint18
                0x0000000000117ecf                _Xint19
                0x0000000000117edd                _Xint20
                0x0000000000117eeb                _Xint21
                0x0000000000117ef9                _Xint22
                0x0000000000117f07                _Xint23
                0x0000000000117f15                _Xint24
                0x0000000000117f23                _Xint25
                0x0000000000117f31                _Xint26
                0x0000000000117f3f                _Xint27
                0x0000000000117f4d                _Xint28
                0x0000000000117f5b                _Xint29
                0x0000000000117f69                _Xint30
                0x0000000000117f77                _Xint31
                0x0000000000117f85                _Xint32
                0x0000000000117f93                _Xint33
                0x0000000000117fa1                _Xint34
                0x0000000000117faf                _Xint35
                0x0000000000117fbd                _Xint36
                0x0000000000117fcb                _Xint37
                0x0000000000117fd9                _Xint38
                0x0000000000117fe7                _Xint39
                0x0000000000117ff5                _Xint40
                0x0000000000118003                _Xint41
                0x0000000000118011                _Xint42
                0x000000000011801f                _Xint43
                0x000000000011802d                _Xint44
                0x000000000011803b                _Xint45
                0x0000000000118049                _Xint46
                0x0000000000118057                defevec
 .text          0x0000000000118117        0xf binaries/ttydispatch.o
                0x0000000000118117                ttydispatch
 .text          0x0000000000118126       0x13 binaries/ethdispatch.o
                0x0000000000118126                ethdispatch
 *(.rodata .rodata.*)
 *fill*         0x0000000000118139        0x3 
 .rodata        0x000000000011813c       0x8e binaries/ascdate.o
 .rodata        0x00000000001181ca       0xae binaries/conf.o
 .rodata        0x0000000000118278       0x83 binaries/early_imr.o
 *fill*         0x00000000001182fb        0x1 
 .rodata        0x00000000001182fc      0x265 binaries/evec.o
 *fill*         0x0000000000118561        0x3 
 .rodata        0x0000000000118564       0x61 binaries/getutime.o
 *fill*         0x00000000001185c5        0x3 
 .rodata        0x00000000001185c8      0x127 binaries/initialize.o
 *fill*         0x00000000001186ef        0x1 
 .rodata        0x00000000001186f0       0x20 binaries/kill.o
 .rodata        0x0000000000118710      0x1aa binaries/main.o
 *fill*         0x00000000001188ba        0x2 
 .rodata        0x00000000001188bc       0x3e binaries/meminit.o
 .rodata        0x00000000001188fa       0x10 binaries/mymotd.o
 .rodata        0x000000000011890a        0xf binaries/panic.o
 .rodata        0x0000000000118919       0x1d binaries/ptinit.o
 *fill*         0x0000000000118936        0x2 
 .rodata        0x0000000000118938       0x25 binaries/ptsend.o
 .rodata        0x000000000011895d       0x22 binaries/quark_pdat.o
 *fill*         0x000000000011897f        0x1 
 .rodata        0x0000000000118980       0x27 binaries/xdone.o
 *fill*         0x00000000001189a7       0x19 
 .rodata        0x00000000001189c0       0x81 binaries/ctype_.o
                0x00000000001189c0                _ctype_
 *fill*         0x0000000000118a41        0x3 
 .rodata        0x0000000000118a44       0xee binaries/doprnt.o
 *fill*         0x0000000000118b32        0x2 
 .rodata        0x0000000000118b34       0x98 binaries/doscan.o
 .rodata        0x0000000000118bcc       0xae binaries/fdoprnt.o
 *fill*         0x0000000000118c7a        0x2 
 .rodata        0x0000000000118c7c       0x20 binaries/ttycontrol.o
 .rodata        0x0000000000118c9c       0x34 binaries/ttyhandler.o
 .rodata        0x0000000000118cd0       0x80 binaries/naminit.o
 .rodata        0x0000000000118d50       0x46 binaries/ethinit.o
 *fill*         0x0000000000118d96        0x2 
 .rodata        0x0000000000118d98       0x2c binaries/rdsbufalloc.o
 .rodata        0x0000000000118dc4       0x76 binaries/rdscomm.o
 *fill*         0x0000000000118e3a        0x2 
 .rodata        0x0000000000118e3c       0x48 binaries/rdscontrol.o
 .rodata        0x0000000000118e84       0x96 binaries/rdsinit.o
 *fill*         0x0000000000118f1a        0x2 
 .rodata        0x0000000000118f1c       0x22 binaries/rdsopen.o
 *fill*         0x0000000000118f3e        0x2 
 .rodata        0x0000000000118f40       0x4d binaries/rdsprocess.o
 .rodata        0x0000000000118f8d        0x9 binaries/raminit.o
 *fill*         0x0000000000118f96        0x2 
 .rodata        0x0000000000118f98       0x37 binaries/lfdballoc.o
 .rodata        0x0000000000118fcf       0x14 binaries/lfiballoc.o
 *fill*         0x0000000000118fe3        0x1 
 .rodata        0x0000000000118fe4       0x23 binaries/lflcontrol.o
 *fill*         0x0000000000119007        0x1 
 .rodata        0x0000000000119008      0x11b binaries/lfsckfmt.o
 *fill*         0x0000000000119123        0x1 
 .rodata        0x0000000000119124       0x2a binaries/lfsopen.o
 *fill*         0x000000000011914e        0x2 
 .rodata        0x0000000000119150       0x21 binaries/rflread.o
 *fill*         0x0000000000119171        0x3 
 .rodata        0x0000000000119174       0x21 binaries/rflwrite.o
 *fill*         0x0000000000119195        0x3 
 .rodata        0x0000000000119198       0x75 binaries/rfscomm.o
 *fill*         0x000000000011920d        0x3 
 .rodata        0x0000000000119210       0x3c binaries/rfscontrol.o
 .rodata        0x000000000011924c       0x63 binaries/rfsinit.o
 *fill*         0x00000000001192af        0x1 
 .rodata        0x00000000001192b0       0x2a binaries/rfsndmsg.o
 *fill*         0x00000000001192da        0x2 
 .rodata        0x00000000001192dc       0x22 binaries/rfsopen.o
 *fill*         0x00000000001192fe        0x2 
 .rodata        0x0000000000119300       0x3a binaries/arp.o
 *fill*         0x000000000011933a        0x2 
 .rodata        0x000000000011933c       0xcf binaries/dhcp.o
 .rodata        0x000000000011940b       0x1a binaries/dns.o
 *fill*         0x0000000000119425        0x3 
 .rodata        0x0000000000119428       0xc9 binaries/hexdump.o
 *fill*         0x00000000001194f1        0x3 
 .rodata        0x00000000001194f4       0x29 binaries/icmp.o
 *fill*         0x000000000011951d        0x3 
 .rodata        0x0000000000119520       0x6e binaries/ip.o
 *fill*         0x000000000011958e        0x2 
 .rodata        0x0000000000119590       0x4f binaries/net.o
 *fill*         0x00000000001195df        0x1 
 .rodata        0x00000000001195e0      0x26f binaries/pdump.o
 *fill*         0x000000000011984f        0x1 
 .rodata        0x0000000000119850      0x10c binaries/tftp.o
 .rodata        0x000000000011995c      0x2c1 binaries/shell.o
 .rodata        0x0000000000119c1d       0x28 binaries/xsh_argecho.o
 *fill*         0x0000000000119c45        0x3 
 .rodata        0x0000000000119c48      0x123 binaries/xsh_arp.o
 *fill*         0x0000000000119d6b        0x1 
 .rodata        0x0000000000119d6c       0xc9 binaries/xsh_cat.o
 .rodata        0x0000000000119e35       0x19 binaries/xsh_clear.o
 *fill*         0x0000000000119e4e        0x2 
 .rodata        0x0000000000119e50      0x1c3 binaries/xsh_date.o
 .rodata        0x000000000011a013       0x5d binaries/xsh_devdump.o
 .rodata        0x000000000011a070        0x9 binaries/xsh_echo.o
 *fill*         0x000000000011a079        0x3 
 .rodata        0x000000000011a07c      0x169 binaries/xsh_help.o
 *fill*         0x000000000011a1e5        0x3 
 .rodata        0x000000000011a1e8      0x12e binaries/xsh_kill.o
 *fill*         0x000000000011a316        0x2 
 .rodata        0x000000000011a318      0x266 binaries/xsh_memdump.o
 *fill*         0x000000000011a57e        0x2 
 .rodata        0x000000000011a580      0x225 binaries/xsh_memstat.o
 *fill*         0x000000000011a7a5        0x3 
 .rodata        0x000000000011a7a8      0x1b0 binaries/xsh_netinfo.o
 .rodata        0x000000000011a958      0x1a1 binaries/xsh_ping.o
 *fill*         0x000000000011aaf9        0x3 
 .rodata        0x000000000011aafc      0x1a8 binaries/xsh_ps.o
 .rodata        0x000000000011aca4       0xeb binaries/xsh_sleep.o
 *fill*         0x000000000011ad8f        0x1 
 .rodata        0x000000000011ad90      0x1b8 binaries/xsh_udpdump.o
 .rodata        0x000000000011af48      0x215 binaries/xsh_udpecho.o
 *fill*         0x000000000011b15d        0x3 
 .rodata        0x000000000011b160      0x12b binaries/xsh_udpserver.o
 *fill*         0x000000000011b28b        0x1 
 .rodata        0x000000000011b28c      0x105 binaries/xsh_uptime.o
                0x000000000011b391                etext = ABSOLUTE (.)
                0x000000000011c000                . = ALIGN (0x1000)
 *fill*         0x000000000011b391      0xc6f 

.eh_frame       0x000000000011c000     0x3058
 .eh_frame      0x000000000011c000       0x50 binaries/ascdate.o
 .eh_frame      0x000000000011c050       0x34 binaries/bufinit.o
                                         0x4c (size before relaxing)
 .eh_frame      0x000000000011c084       0x38 binaries/chprio.o
                                         0x50 (size before relaxing)
 .eh_frame      0x000000000011c0bc       0x24 binaries/clkhandler.o
                                         0x50 (size before relaxing)
 .eh_frame      0x000000000011c0e0       0x24 binaries/clkinit.o
                                         0x50 (size before relaxing)
 .eh_frame      0x000000000011c104       0x24 binaries/close.o
                                         0x50 (size before relaxing)
 .eh_frame      0x000000000011c128       0x24 binaries/control.o
                                         0x50 (size before relaxing)
 .eh_frame      0x000000000011c14c       0x48 binaries/create.o
                                         0x88 (size before relaxing)
 .eh_frame      0x000000000011c194      0x114 binaries/early_imr.o
                                        0x154 (size before relaxing)
 .eh_frame      0x000000000011c2a8       0x90 binaries/evec.o
                                         0xd0 (size before relaxing)
 .eh_frame      0x000000000011c338       0x24 binaries/exit.o
                                         0x50 (size before relaxing)
 .eh_frame      0x000000000011c35c       0x24 binaries/freebuf.o
                                         0x50 (size before relaxing)
 .eh_frame      0x000000000011c380       0x24 binaries/freemem.o
                                         0x50 (size before relaxing)
 .eh_frame      0x000000000011c3a4       0x24 binaries/getbuf.o
                                         0x50 (size before relaxing)
 .eh_frame      0x000000000011c3c8       0x24 binaries/getc.o
                                         0x50 (size before relaxing)
 .eh_frame      0x000000000011c3ec       0x24 binaries/getdev.o
                                         0x50 (size before relaxing)
 .eh_frame      0x000000000011c410       0x78 binaries/getitem.o
                                         0xa4 (size before relaxing)
 .eh_frame      0x000000000011c488       0x24 binaries/getmem.o
                                         0x50 (size before relaxing)
 .eh_frame      0x000000000011c4ac       0x20 binaries/getpid.o
                                         0x4c (size before relaxing)
 .eh_frame      0x000000000011c4cc       0x24 binaries/getprio.o
                                         0x50 (size before relaxing)
 .eh_frame      0x000000000011c4f0       0x24 binaries/getstk.o
                                         0x50 (size before relaxing)
 .eh_frame      0x000000000011c514       0x20 binaries/getticks.o
                                         0x4c (size before relaxing)
 .eh_frame      0x000000000011c534       0x24 binaries/gettime.o
                                         0x50 (size before relaxing)
 .eh_frame      0x000000000011c558       0x24 binaries/getutime.o
                                         0x50 (size before relaxing)
 .eh_frame      0x000000000011c57c       0x24 binaries/init.o
                                         0x50 (size before relaxing)
 .eh_frame      0x000000000011c5a0       0xa4 binaries/initialize.o
                                         0xe4 (size before relaxing)
 .eh_frame      0x000000000011c644       0x24 binaries/insert.o
                                         0x50 (size before relaxing)
 .eh_frame      0x000000000011c668       0x28 binaries/insertd.o
                                         0x54 (size before relaxing)
 .eh_frame      0x000000000011c690       0x20 binaries/ioerr.o
                                         0x4c (size before relaxing)
 .eh_frame      0x000000000011c6b0       0x20 binaries/ionull.o
                                         0x4c (size before relaxing)
 .eh_frame      0x000000000011c6d0       0x2c binaries/kill.o
                                         0x58 (size before relaxing)
 .eh_frame      0x000000000011c6fc       0x6c binaries/kprintf.o
                                         0xac (size before relaxing)
 .eh_frame      0x000000000011c768       0x28 binaries/main.o
                                         0x54 (size before relaxing)
 .eh_frame      0x000000000011c790       0x48 binaries/mark.o
                                         0x74 (size before relaxing)
 .eh_frame      0x000000000011c7d8       0x54 binaries/meminit.o
                                         0x94 (size before relaxing)
 .eh_frame      0x000000000011c82c       0x24 binaries/mkbufpool.o
                                         0x50 (size before relaxing)
 .eh_frame      0x000000000011c850       0x24 binaries/mymotd.o
                                         0x50 (size before relaxing)
 .eh_frame      0x000000000011c874       0x24 binaries/newqueue.o
                                         0x50 (size before relaxing)
 .eh_frame      0x000000000011c898       0x24 binaries/open.o
                                         0x50 (size before relaxing)
 .eh_frame      0x000000000011c8bc       0x1c binaries/panic.o
                                         0x48 (size before relaxing)
 .eh_frame      0x000000000011c8d8      0x1c0 binaries/pci.o
                                        0x1ec (size before relaxing)
 .eh_frame      0x000000000011ca98       0x6c binaries/platinit.o
                                         0xac (size before relaxing)
 .eh_frame      0x000000000011cb04       0x24 binaries/ptclear.o
                                         0x50 (size before relaxing)
 .eh_frame      0x000000000011cb28       0x24 binaries/ptcount.o
                                         0x50 (size before relaxing)
 .eh_frame      0x000000000011cb4c       0x24 binaries/ptcreate.o
                                         0x50 (size before relaxing)
 .eh_frame      0x000000000011cb70       0x24 binaries/ptdelete.o
                                         0x50 (size before relaxing)
 .eh_frame      0x000000000011cb94       0x24 binaries/ptinit.o
                                         0x50 (size before relaxing)
 .eh_frame      0x000000000011cbb8       0x24 binaries/ptrecv.o
                                         0x50 (size before relaxing)
 .eh_frame      0x000000000011cbdc       0x24 binaries/ptreset.o
                                         0x50 (size before relaxing)
 .eh_frame      0x000000000011cc00       0x24 binaries/ptsend.o
                                         0x50 (size before relaxing)
 .eh_frame      0x000000000011cc24       0x24 binaries/putc.o
                                         0x50 (size before relaxing)
 .eh_frame      0x000000000011cc48       0x24 binaries/quark_irq.o
                                         0x50 (size before relaxing)
 .eh_frame      0x000000000011cc6c       0x48 binaries/quark_pdat.o
                                         0x74 (size before relaxing)
 .eh_frame      0x000000000011ccb4       0x48 binaries/queue.o
                                         0x88 (size before relaxing)
 .eh_frame      0x000000000011ccfc       0x48 binaries/rcreate.o
                                         0x88 (size before relaxing)
 .eh_frame      0x000000000011cd44       0x24 binaries/read.o
                                         0x50 (size before relaxing)
 .eh_frame      0x000000000011cd68       0x28 binaries/ready.o
                                         0x54 (size before relaxing)
 .eh_frame      0x000000000011cd90       0x24 binaries/receive.o
                                         0x50 (size before relaxing)
 .eh_frame      0x000000000011cdb4       0x24 binaries/recvclr.o
                                         0x50 (size before relaxing)
 .eh_frame      0x000000000011cdd8       0x24 binaries/recvtime.o
                                         0x50 (size before relaxing)
 .eh_frame      0x000000000011cdfc       0x48 binaries/resched.o
                                         0x88 (size before relaxing)
 .eh_frame      0x000000000011ce44       0x24 binaries/resume.o
                                         0x50 (size before relaxing)
 .eh_frame      0x000000000011ce68       0x24 binaries/seek.o
                                         0x50 (size before relaxing)
 .eh_frame      0x000000000011ce8c       0x24 binaries/semcount.o
                                         0x50 (size before relaxing)
 .eh_frame      0x000000000011ceb0       0x48 binaries/semcreate.o
                                         0x88 (size before relaxing)
 .eh_frame      0x000000000011cef8       0x24 binaries/semdelete.o
                                         0x50 (size before relaxing)
 .eh_frame      0x000000000011cf1c       0x24 binaries/semreset.o
                                         0x50 (size before relaxing)
 .eh_frame      0x000000000011cf40       0x24 binaries/send.o
                                         0x50 (size before relaxing)
 .eh_frame      0x000000000011cf64       0x24 binaries/signal.o
                                         0x50 (size before relaxing)
 .eh_frame      0x000000000011cf88       0x24 binaries/signaln.o
                                         0x50 (size before relaxing)
 .eh_frame      0x000000000011cfac       0x44 binaries/sleep.o
                                         0x84 (size before relaxing)
 .eh_frame      0x000000000011cff0       0x24 binaries/suspend.o
                                         0x50 (size before relaxing)
 .eh_frame      0x000000000011d014       0x24 binaries/unsleep.o
                                         0x50 (size before relaxing)
 .eh_frame      0x000000000011d038       0x24 binaries/userret.o
                                         0x50 (size before relaxing)
 .eh_frame      0x000000000011d05c       0x24 binaries/wait.o
                                         0x50 (size before relaxing)
 .eh_frame      0x000000000011d080       0x24 binaries/wakeup.o
                                         0x50 (size before relaxing)
 .eh_frame      0x000000000011d0a4       0x24 binaries/write.o
                                         0x50 (size before relaxing)
 .eh_frame      0x000000000011d0c8       0x24 binaries/xdone.o
                                         0x50 (size before relaxing)
 .eh_frame      0x000000000011d0ec       0x24 binaries/yield.o
                                         0x50 (size before relaxing)
 .eh_frame      0x000000000011d110       0x20 binaries/abs.o
                                         0x4c (size before relaxing)
 .eh_frame      0x000000000011d130       0x20 binaries/atoi.o
                                         0x4c (size before relaxing)
 .eh_frame      0x000000000011d150       0x20 binaries/atol.o
                                         0x4c (size before relaxing)
 .eh_frame      0x000000000011d170       0x20 binaries/bzero.o
                                         0x4c (size before relaxing)
 .eh_frame      0x000000000011d190       0xec binaries/doprnt.o
                                        0x140 (size before relaxing)
 .eh_frame      0x000000000011d27c       0xc8 binaries/doscan.o
                                         0xf4 (size before relaxing)
 .eh_frame      0x000000000011d344       0xcc binaries/fdoprnt.o
                                        0x10c (size before relaxing)
 .eh_frame      0x000000000011d410       0x24 binaries/fgetc.o
                                         0x50 (size before relaxing)
 .eh_frame      0x000000000011d434       0x24 binaries/fgets.o
                                         0x50 (size before relaxing)
 .eh_frame      0x000000000011d458       0x24 binaries/fprintf.o
                                         0x50 (size before relaxing)
 .eh_frame      0x000000000011d47c       0x24 binaries/fputc.o
                                         0x50 (size before relaxing)
 .eh_frame      0x000000000011d4a0       0x24 binaries/fputs.o
                                         0x50 (size before relaxing)
 .eh_frame      0x000000000011d4c4       0x68 binaries/fscanf.o
                                         0x94 (size before relaxing)
 .eh_frame      0x000000000011d52c       0x24 binaries/getchar.o
                                         0x50 (size before relaxing)
 .eh_frame      0x000000000011d550       0x20 binaries/labs.o
                                         0x4c (size before relaxing)
 .eh_frame      0x000000000011d570       0x20 binaries/memcmp.o
                                         0x4c (size before relaxing)
 .eh_frame      0x000000000011d590       0x24 binaries/memcpy.o
                                         0x50 (size before relaxing)
 .eh_frame      0x000000000011d5b4       0x24 binaries/memset.o
                                         0x50 (size before relaxing)
 .eh_frame      0x000000000011d5d8       0x24 binaries/printf.o
                                         0x50 (size before relaxing)
 .eh_frame      0x000000000011d5fc       0x24 binaries/putchar.o
                                         0x50 (size before relaxing)
 .eh_frame      0x000000000011d620       0xa4 binaries/qsort.o
                                         0xd0 (size before relaxing)
 .eh_frame      0x000000000011d6c4       0x60 binaries/rand.o
                                         0x8c (size before relaxing)
 .eh_frame      0x000000000011d724       0x44 binaries/sprintf.o
                                         0x70 (size before relaxing)
 .eh_frame      0x000000000011d768       0x64 binaries/sscanf.o
                                         0x90 (size before relaxing)
 .eh_frame      0x000000000011d7cc       0x20 binaries/strchr.o
                                         0x4c (size before relaxing)
 .eh_frame      0x000000000011d7ec       0x20 binaries/strcmp.o
                                         0x4c (size before relaxing)
 .eh_frame      0x000000000011d80c       0x20 binaries/strcpy.o
                                         0x4c (size before relaxing)
 .eh_frame      0x000000000011d82c       0x20 binaries/strlen.o
                                         0x4c (size before relaxing)
 .eh_frame      0x000000000011d84c       0x20 binaries/strncat.o
                                         0x4c (size before relaxing)
 .eh_frame      0x000000000011d86c       0x20 binaries/strncmp.o
                                         0x4c (size before relaxing)
 .eh_frame      0x000000000011d88c       0x28 binaries/strncpy.o
                                         0x54 (size before relaxing)
 .eh_frame      0x000000000011d8b4       0x20 binaries/strnlen.o
                                         0x4c (size before relaxing)
 .eh_frame      0x000000000011d8d4       0x20 binaries/strrchr.o
                                         0x4c (size before relaxing)
 .eh_frame      0x000000000011d8f4       0x20 binaries/strstr.o
                                         0x4c (size before relaxing)
 .eh_frame      0x000000000011d914       0x24 binaries/ttycontrol.o
                                         0x50 (size before relaxing)
 .eh_frame      0x000000000011d938       0x24 binaries/ttygetc.o
                                         0x50 (size before relaxing)
 .eh_frame      0x000000000011d95c       0x88 binaries/ttyhandle_in.o
                                         0xdc (size before relaxing)
 .eh_frame      0x000000000011d9e4       0x24 binaries/ttyhandle_out.o
                                         0x50 (size before relaxing)
 .eh_frame      0x000000000011da08       0x24 binaries/ttyhandler.o
                                         0x50 (size before relaxing)
 .eh_frame      0x000000000011da2c       0x24 binaries/ttyinit.o
                                         0x50 (size before relaxing)
 .eh_frame      0x000000000011da50       0x20 binaries/ttykickout.o
                                         0x4c (size before relaxing)
 .eh_frame      0x000000000011da70       0x24 binaries/ttyputc.o
                                         0x50 (size before relaxing)
 .eh_frame      0x000000000011da94       0x24 binaries/ttyread.o
                                         0x50 (size before relaxing)
 .eh_frame      0x000000000011dab8       0x24 binaries/ttywrite.o
                                         0x50 (size before relaxing)
 .eh_frame      0x000000000011dadc       0x44 binaries/mount.o
                                         0x84 (size before relaxing)
 .eh_frame      0x000000000011db20       0x24 binaries/naminit.o
                                         0x50 (size before relaxing)
 .eh_frame      0x000000000011db44       0x68 binaries/nammap.o
                                         0xa8 (size before relaxing)
 .eh_frame      0x000000000011dbac       0x24 binaries/namopen.o
                                         0x50 (size before relaxing)
 .eh_frame      0x000000000011dbd0       0x24 binaries/ethcontrol.o
                                         0x50 (size before relaxing)
 .eh_frame      0x000000000011dbf4       0x24 binaries/ethhandler.o
                                         0x50 (size before relaxing)
 .eh_frame      0x000000000011dc18       0xb8 binaries/ethinit.o
                                         0xf8 (size before relaxing)
 .eh_frame      0x000000000011dcd0       0x48 binaries/ethmcast.o
                                         0x88 (size before relaxing)
 .eh_frame      0x000000000011dd18       0x24 binaries/ethread.o
                                         0x50 (size before relaxing)
 .eh_frame      0x000000000011dd3c       0x24 binaries/ethwrite.o
                                         0x50 (size before relaxing)
 .eh_frame      0x000000000011dd60       0x24 binaries/rdsbufalloc.o
                                         0x50 (size before relaxing)
 .eh_frame      0x000000000011dd84       0x20 binaries/rdsclose.o
                                         0x4c (size before relaxing)
 .eh_frame      0x000000000011dda4       0x24 binaries/rdscomm.o
                                         0x50 (size before relaxing)
 .eh_frame      0x000000000011ddc8       0x24 binaries/rdscontrol.o
                                         0x50 (size before relaxing)
 .eh_frame      0x000000000011ddec       0x24 binaries/rdsinit.o
                                         0x50 (size before relaxing)
 .eh_frame      0x000000000011de10       0x24 binaries/rdsopen.o
                                         0x50 (size before relaxing)
 .eh_frame      0x000000000011de34       0x1c binaries/rdsprocess.o
                                         0x48 (size before relaxing)
 .eh_frame      0x000000000011de50       0x24 binaries/rdsread.o
                                         0x50 (size before relaxing)
 .eh_frame      0x000000000011de74       0x24 binaries/rdswrite.o
                                         0x50 (size before relaxing)
 .eh_frame      0x000000000011de98       0x20 binaries/ramclose.o
                                         0x4c (size before relaxing)
 .eh_frame      0x000000000011deb8       0x24 binaries/raminit.o
                                         0x50 (size before relaxing)
 .eh_frame      0x000000000011dedc       0x20 binaries/ramopen.o
                                         0x4c (size before relaxing)
 .eh_frame      0x000000000011defc       0x24 binaries/ramread.o
                                         0x50 (size before relaxing)
 .eh_frame      0x000000000011df20       0x24 binaries/ramwrite.o
                                         0x50 (size before relaxing)
 .eh_frame      0x000000000011df44       0x24 binaries/lfdballoc.o
                                         0x50 (size before relaxing)
 .eh_frame      0x000000000011df68       0x24 binaries/lfdbfree.o
                                         0x50 (size before relaxing)
 .eh_frame      0x000000000011df8c       0x24 binaries/lfflush.o
                                         0x50 (size before relaxing)
 .eh_frame      0x000000000011dfb0       0x20 binaries/lfgetmode.o
                                         0x4c (size before relaxing)
 .eh_frame      0x000000000011dfd0       0x24 binaries/lfiballoc.o
                                         0x50 (size before relaxing)
 .eh_frame      0x000000000011dff4       0x20 binaries/lfibclear.o
                                         0x4c (size before relaxing)
 .eh_frame      0x000000000011e014       0x24 binaries/lfibget.o
                                         0x50 (size before relaxing)
 .eh_frame      0x000000000011e038       0x24 binaries/lfibput.o
                                         0x50 (size before relaxing)
 .eh_frame      0x000000000011e05c       0x24 binaries/lflclose.o
                                         0x50 (size before relaxing)
 .eh_frame      0x000000000011e080       0x24 binaries/lflcontrol.o
                                         0x50 (size before relaxing)
 .eh_frame      0x000000000011e0a4       0x24 binaries/lflgetc.o
                                         0x50 (size before relaxing)
 .eh_frame      0x000000000011e0c8       0x24 binaries/lflinit.o
                                         0x50 (size before relaxing)
 .eh_frame      0x000000000011e0ec       0x24 binaries/lflputc.o
                                         0x50 (size before relaxing)
 .eh_frame      0x000000000011e110       0x24 binaries/lflread.o
                                         0x50 (size before relaxing)
 .eh_frame      0x000000000011e134       0x24 binaries/lflseek.o
                                         0x50 (size before relaxing)
 .eh_frame      0x000000000011e158       0x24 binaries/lflwrite.o
                                         0x50 (size before relaxing)
 .eh_frame      0x000000000011e17c       0x20 binaries/lfscheck.o
                                         0x4c (size before relaxing)
 .eh_frame      0x000000000011e19c       0x24 binaries/lfsckfmt.o
                                         0x50 (size before relaxing)
 .eh_frame      0x000000000011e1c0       0x24 binaries/lfscreate.o
                                         0x50 (size before relaxing)
 .eh_frame      0x000000000011e1e4       0x24 binaries/lfsetup.o
                                         0x50 (size before relaxing)
 .eh_frame      0x000000000011e208       0x24 binaries/lfsinit.o
                                         0x50 (size before relaxing)
 .eh_frame      0x000000000011e22c       0x24 binaries/lfsopen.o
                                         0x50 (size before relaxing)
 .eh_frame      0x000000000011e250       0x24 binaries/lftruncate.o
                                         0x50 (size before relaxing)
 .eh_frame      0x000000000011e274       0x24 binaries/rflclose.o
                                         0x50 (size before relaxing)
 .eh_frame      0x000000000011e298       0x24 binaries/rflgetc.o
                                         0x50 (size before relaxing)
 .eh_frame      0x000000000011e2bc       0x20 binaries/rflinit.o
                                         0x4c (size before relaxing)
 .eh_frame      0x000000000011e2dc       0x24 binaries/rflputc.o
                                         0x50 (size before relaxing)
 .eh_frame      0x000000000011e300       0x24 binaries/rflread.o
                                         0x50 (size before relaxing)
 .eh_frame      0x000000000011e324       0x24 binaries/rflseek.o
                                         0x50 (size before relaxing)
 .eh_frame      0x000000000011e348       0x24 binaries/rflwrite.o
                                         0x50 (size before relaxing)
 .eh_frame      0x000000000011e36c       0x24 binaries/rfscomm.o
                                         0x50 (size before relaxing)
 .eh_frame      0x000000000011e390       0x24 binaries/rfscontrol.o
                                         0x50 (size before relaxing)
 .eh_frame      0x000000000011e3b4       0x20 binaries/rfsgetmode.o
                                         0x4c (size before relaxing)
 .eh_frame      0x000000000011e3d4       0x24 binaries/rfsinit.o
                                         0x50 (size before relaxing)
 .eh_frame      0x000000000011e3f8       0x24 binaries/rfsndmsg.o
                                         0x50 (size before relaxing)
 .eh_frame      0x000000000011e41c       0x24 binaries/rfsopen.o
                                         0x50 (size before relaxing)
 .eh_frame      0x000000000011e440       0xd0 binaries/arp.o
                                        0x124 (size before relaxing)
 .eh_frame      0x000000000011e510       0xac binaries/dhcp.o
                                         0xec (size before relaxing)
 .eh_frame      0x000000000011e5bc       0x90 binaries/dns.o
                                         0xd0 (size before relaxing)
 .eh_frame      0x000000000011e64c       0x20 binaries/dot2ip.o
                                         0x4c (size before relaxing)
 .eh_frame      0x000000000011e66c       0x48 binaries/hexdump.o
                                         0x74 (size before relaxing)
 .eh_frame      0x000000000011e6b4      0x168 binaries/icmp.o
                                        0x1bc (size before relaxing)
 .eh_frame      0x000000000011e81c      0x130 binaries/ip.o
                                        0x170 (size before relaxing)
 .eh_frame      0x000000000011e94c       0xa8 binaries/net.o
                                         0xfc (size before relaxing)
 .eh_frame      0x000000000011e9f4       0x60 binaries/pdump.o
                                         0xa0 (size before relaxing)
 .eh_frame      0x000000000011ea54       0x54 binaries/tftp.o
                                         0x80 (size before relaxing)
 .eh_frame      0x000000000011eaa8      0x160 binaries/udp.o
                                        0x1b4 (size before relaxing)
 .eh_frame      0x000000000011ec08       0x24 binaries/addargs.o
                                         0x50 (size before relaxing)
 .eh_frame      0x000000000011ec2c       0x20 binaries/lexan.o
                                         0x4c (size before relaxing)
 .eh_frame      0x000000000011ec4c       0x2c binaries/shell.o
                                         0x58 (size before relaxing)
 .eh_frame      0x000000000011ec78       0x24 binaries/xsh_argecho.o
                                         0x50 (size before relaxing)
 .eh_frame      0x000000000011ec9c       0x48 binaries/xsh_arp.o
                                         0x74 (size before relaxing)
 .eh_frame      0x000000000011ece4       0x2c binaries/xsh_cat.o
                                         0x58 (size before relaxing)
 .eh_frame      0x000000000011ed10       0x28 binaries/xsh_clear.o
                                         0x54 (size before relaxing)
 .eh_frame      0x000000000011ed38       0x2c binaries/xsh_date.o
                                         0x58 (size before relaxing)
 .eh_frame      0x000000000011ed64       0x24 binaries/xsh_devdump.o
                                         0x50 (size before relaxing)
 .eh_frame      0x000000000011ed88       0x24 binaries/xsh_echo.o
                                         0x50 (size before relaxing)
 .eh_frame      0x000000000011edac       0x20 binaries/xsh_exit.o
                                         0x4c (size before relaxing)
 .eh_frame      0x000000000011edcc       0x2c binaries/xsh_help.o
                                         0x58 (size before relaxing)
 .eh_frame      0x000000000011edf8       0x2c binaries/xsh_kill.o
                                         0x58 (size before relaxing)
 .eh_frame      0x000000000011ee24       0x4c binaries/xsh_memdump.o
                                         0x8c (size before relaxing)
 .eh_frame      0x000000000011ee70       0x74 binaries/xsh_memstat.o
                                         0xa0 (size before relaxing)
 .eh_frame      0x000000000011eee4       0x30 binaries/xsh_netinfo.o
                                         0x5c (size before relaxing)
 .eh_frame      0x000000000011ef14       0x30 binaries/xsh_ping.o
                                         0x5c (size before relaxing)
 .eh_frame      0x000000000011ef44       0x30 binaries/xsh_ps.o
                                         0x5c (size before relaxing)
 .eh_frame      0x000000000011ef74       0x2c binaries/xsh_sleep.o
                                         0x58 (size before relaxing)
 .eh_frame      0x000000000011efa0       0x2c binaries/xsh_udpdump.o
                                         0x58 (size before relaxing)
 .eh_frame      0x000000000011efcc       0x30 binaries/xsh_udpecho.o
                                         0x5c (size before relaxing)
 .eh_frame      0x000000000011effc       0x30 binaries/xsh_udpserver.o
                                         0x5c (size before relaxing)
 .eh_frame      0x000000000011f02c       0x2c binaries/xsh_uptime.o
                                         0x58 (size before relaxing)

.iplt           0x000000000011f058        0x0
 .iplt          0x000000000011f058        0x0 binaries/start.o

.rel.dyn        0x000000000011f058        0x0
 .rel.got       0x000000000011f058        0x0 binaries/start.o
 .rel.iplt      0x000000000011f058        0x0 binaries/start.o
 .rel.text      0x000000000011f058        0x0 binaries/start.o

.data           0x000000000011f060     0x1fa0
                0x000000000011f060                data = ABSOLUTE (.)
 *(.data .data.*)
 .data          0x000000000011f060      0x83a binaries/start.o
                0x000000000011f060                gdt
                0x000000000011f090                idt
                0x000000000011f896                cpudelay
 .data          0x000000000011f89a        0x0 binaries/ascdate.o
 *fill*         0x000000000011f89a        0x6 
 .data.rel.local
                0x000000000011f8a0       0x88 binaries/ascdate.o
                0x000000000011f8a0                Date
 .data          0x000000000011f928        0x0 binaries/bufinit.o
 .data          0x000000000011f928        0x0 binaries/chprio.o
 .data          0x000000000011f928        0x4 binaries/clkhandler.o
 .data          0x000000000011f92c        0x0 binaries/clkinit.o
 .data          0x000000000011f92c        0x0 binaries/close.o
 .data          0x000000000011f92c        0x0 binaries/conf.o
 *fill*         0x000000000011f92c       0x14 
 .data.rel      0x000000000011f940      0x5a0 binaries/conf.o
                0x000000000011f940                devtab
 .data          0x000000000011fee0        0x0 binaries/control.o
 .data          0x000000000011fee0        0x4 binaries/create.o
 .data          0x000000000011fee4        0x0 binaries/early_imr.o
 .data          0x000000000011fee4        0x0 binaries/evec.o
 *fill*         0x000000000011fee4       0x1c 
 .data.rel.local
                0x000000000011ff00       0x40 binaries/evec.o
                0x000000000011ff00                inames
 .data          0x000000000011ff40        0x0 binaries/exit.o
 .data          0x000000000011ff40        0x0 binaries/freebuf.o
 .data          0x000000000011ff40        0x0 binaries/freemem.o
 .data          0x000000000011ff40        0x0 binaries/getbuf.o
 .data          0x000000000011ff40        0x0 binaries/getc.o
 .data          0x000000000011ff40        0x0 binaries/getdev.o
 .data          0x000000000011ff40        0x0 binaries/getitem.o
 .data          0x000000000011ff40        0x0 binaries/getmem.o
 .data          0x000000000011ff40        0x0 binaries/getpid.o
 .data          0x000000000011ff40        0x0 binaries/getprio.o
 .data          0x000000000011ff40        0x0 binaries/getstk.o
 .data          0x000000000011ff40        0x0 binaries/getticks.o
 .data          0x000000000011ff40        0x0 binaries/gettime.o
 .data          0x000000000011ff40        0x0 binaries/getutime.o
 .data          0x000000000011ff40        0x0 binaries/init.o
 .data          0x000000000011ff40        0x0 binaries/initialize.o
 .data          0x000000000011ff40        0x0 binaries/insert.o
 .data          0x000000000011ff40        0x0 binaries/insertd.o
 .data          0x000000000011ff40        0x0 binaries/ioerr.o
 .data          0x000000000011ff40        0x0 binaries/ionull.o
 .data          0x000000000011ff40        0x0 binaries/kill.o
 .data          0x000000000011ff40        0x0 binaries/kprintf.o
 .data          0x000000000011ff40        0x0 binaries/main.o
 .data          0x000000000011ff40        0x0 binaries/mark.o
 .data          0x000000000011ff40       0x40 binaries/meminit.o
                0x000000000011ff40                bootsign
                0x000000000011ff44                bootinfo
                0x000000000011ff60                gdt_copy
 .data          0x000000000011ff80        0x0 binaries/mkbufpool.o
 .data          0x000000000011ff80        0x0 binaries/mymotd.o
 .data          0x000000000011ff80        0x2 binaries/newqueue.o
 .data          0x000000000011ff82        0x0 binaries/open.o
 .data          0x000000000011ff82        0x0 binaries/panic.o
 .data          0x000000000011ff82        0x0 binaries/pci.o
 .data          0x000000000011ff82        0x0 binaries/platinit.o
 .data          0x000000000011ff82        0x0 binaries/ptclear.o
 .data          0x000000000011ff82        0x0 binaries/ptcount.o
 .data          0x000000000011ff82        0x0 binaries/ptcreate.o
 .data          0x000000000011ff82        0x0 binaries/ptdelete.o
 .data          0x000000000011ff82        0x0 binaries/ptinit.o
 .data          0x000000000011ff82        0x0 binaries/ptrecv.o
 .data          0x000000000011ff82        0x0 binaries/ptreset.o
 .data          0x000000000011ff82        0x0 binaries/ptsend.o
 .data          0x000000000011ff82        0x0 binaries/putc.o
 .data          0x000000000011ff82        0x0 binaries/quark_irq.o
 .data          0x000000000011ff82        0x0 binaries/quark_pdat.o
 .data          0x000000000011ff82        0x0 binaries/queue.o
 *fill*         0x000000000011ff82        0x2 
 .data          0x000000000011ff84        0x4 binaries/rcreate.o
 .data          0x000000000011ff88        0x0 binaries/read.o
 .data          0x000000000011ff88        0x0 binaries/ready.o
 .data          0x000000000011ff88        0x0 binaries/receive.o
 .data          0x000000000011ff88        0x0 binaries/recvclr.o
 .data          0x000000000011ff88        0x0 binaries/recvtime.o
 .data          0x000000000011ff88        0x0 binaries/resched.o
 .data          0x000000000011ff88        0x0 binaries/resume.o
 .data          0x000000000011ff88        0x0 binaries/seek.o
 .data          0x000000000011ff88        0x0 binaries/semcount.o
 .data          0x000000000011ff88        0x0 binaries/semcreate.o
 .data          0x000000000011ff88        0x0 binaries/semdelete.o
 .data          0x000000000011ff88        0x0 binaries/semreset.o
 .data          0x000000000011ff88        0x0 binaries/send.o
 .data          0x000000000011ff88        0x0 binaries/signal.o
 .data          0x000000000011ff88        0x0 binaries/signaln.o
 .data          0x000000000011ff88        0x0 binaries/sleep.o
 .data          0x000000000011ff88        0x0 binaries/suspend.o
 .data          0x000000000011ff88        0x0 binaries/unsleep.o
 .data          0x000000000011ff88        0x0 binaries/userret.o
 .data          0x000000000011ff88        0x0 binaries/wait.o
 .data          0x000000000011ff88        0x0 binaries/wakeup.o
 .data          0x000000000011ff88        0x0 binaries/write.o
 .data          0x000000000011ff88        0x0 binaries/xdone.o
 .data          0x000000000011ff88        0x0 binaries/yield.o
 .data          0x000000000011ff88        0x0 binaries/abs.o
 .data          0x000000000011ff88        0x0 binaries/atoi.o
 .data          0x000000000011ff88        0x0 binaries/atol.o
 .data          0x000000000011ff88        0x0 binaries/bzero.o
 .data          0x000000000011ff88        0x0 binaries/ctype_.o
 .data          0x000000000011ff88        0x0 binaries/doprnt.o
 *fill*         0x000000000011ff88       0x18 
 .data          0x000000000011ffa0       0x80 binaries/doscan.o
                0x000000000011ffa0                _sctab
 .data          0x0000000000120020        0x0 binaries/fdoprnt.o
 .data          0x0000000000120020        0x0 binaries/fgetc.o
 .data          0x0000000000120020        0x0 binaries/fgets.o
 .data          0x0000000000120020        0x0 binaries/fprintf.o
 .data          0x0000000000120020        0x0 binaries/fputc.o
 .data          0x0000000000120020        0x0 binaries/fputs.o
 .data          0x0000000000120020        0x0 binaries/fscanf.o
 .data          0x0000000000120020        0x0 binaries/getchar.o
 .data          0x0000000000120020        0x0 binaries/labs.o
 .data          0x0000000000120020        0x0 binaries/memchr.o
 .data          0x0000000000120020        0x0 binaries/memcmp.o
 .data          0x0000000000120020        0x0 binaries/memcpy.o
 .data          0x0000000000120020        0x0 binaries/memset.o
 .data          0x0000000000120020        0x0 binaries/printf.o
 .data          0x0000000000120020        0x0 binaries/putchar.o
 .data          0x0000000000120020        0x0 binaries/qsort.o
 .data          0x0000000000120020        0x4 binaries/rand.o
 .data          0x0000000000120024        0x0 binaries/sprintf.o
 .data          0x0000000000120024        0x0 binaries/sscanf.o
 .data          0x0000000000120024        0x0 binaries/strchr.o
 .data          0x0000000000120024        0x0 binaries/strcmp.o
 .data          0x0000000000120024        0x0 binaries/strcpy.o
 .data          0x0000000000120024        0x0 binaries/strlen.o
 .data          0x0000000000120024        0x0 binaries/strncat.o
 .data          0x0000000000120024        0x0 binaries/strncmp.o
 .data          0x0000000000120024        0x0 binaries/strncpy.o
 .data          0x0000000000120024        0x0 binaries/strnlen.o
 .data          0x0000000000120024        0x0 binaries/strrchr.o
 .data          0x0000000000120024        0x0 binaries/strstr.o
 .data          0x0000000000120024        0x0 binaries/ttycontrol.o
 .data          0x0000000000120024        0x0 binaries/ttygetc.o
 .data          0x0000000000120024        0x0 binaries/ttyhandle_in.o
 .data          0x0000000000120024        0x0 binaries/ttyhandle_out.o
 .data          0x0000000000120024        0x0 binaries/ttyhandler.o
 .data          0x0000000000120024        0x0 binaries/ttyinit.o
 .data          0x0000000000120024        0x0 binaries/ttykickout.o
 .data          0x0000000000120024        0x0 binaries/ttyputc.o
 .data          0x0000000000120024        0x0 binaries/ttyread.o
 .data          0x0000000000120024        0x0 binaries/ttywrite.o
 .data          0x0000000000120024        0x0 binaries/mount.o
 .data          0x0000000000120024        0x0 binaries/naminit.o
 .data          0x0000000000120024        0x0 binaries/nammap.o
 .data          0x0000000000120024        0x0 binaries/namopen.o
 .data          0x0000000000120024        0x0 binaries/ethcontrol.o
 .data          0x0000000000120024        0x0 binaries/ethhandler.o
 .data          0x0000000000120024        0x0 binaries/ethinit.o
 .data          0x0000000000120024        0x0 binaries/ethmcast.o
 .data          0x0000000000120024        0x0 binaries/ethread.o
 .data          0x0000000000120024        0x0 binaries/ethwrite.o
 .data          0x0000000000120024        0x0 binaries/rdsbufalloc.o
 .data          0x0000000000120024        0x0 binaries/rdsclose.o
 .data          0x0000000000120024        0x0 binaries/rdscomm.o
 .data          0x0000000000120024        0x0 binaries/rdscontrol.o
 .data          0x0000000000120024        0x0 binaries/rdsinit.o
 .data          0x0000000000120024        0x0 binaries/rdsopen.o
 .data          0x0000000000120024        0x0 binaries/rdsprocess.o
 .data          0x0000000000120024        0x0 binaries/rdsread.o
 .data          0x0000000000120024        0x0 binaries/rdswrite.o
 .data          0x0000000000120024        0x0 binaries/ramclose.o
 .data          0x0000000000120024        0x0 binaries/raminit.o
 .data          0x0000000000120024        0x0 binaries/ramopen.o
 .data          0x0000000000120024        0x0 binaries/ramread.o
 .data          0x0000000000120024        0x0 binaries/ramwrite.o
 .data          0x0000000000120024        0x0 binaries/lfdballoc.o
 .data          0x0000000000120024        0x0 binaries/lfdbfree.o
 .data          0x0000000000120024        0x0 binaries/lfflush.o
 .data          0x0000000000120024        0x0 binaries/lfgetmode.o
 .data          0x0000000000120024        0x0 binaries/lfiballoc.o
 .data          0x0000000000120024        0x0 binaries/lfibclear.o
 .data          0x0000000000120024        0x0 binaries/lfibget.o
 .data          0x0000000000120024        0x0 binaries/lfibput.o
 .data          0x0000000000120024        0x0 binaries/lflclose.o
 .data          0x0000000000120024        0x0 binaries/lflcontrol.o
 .data          0x0000000000120024        0x0 binaries/lflgetc.o
 .data          0x0000000000120024        0x0 binaries/lflinit.o
 .data          0x0000000000120024        0x0 binaries/lflputc.o
 .data          0x0000000000120024        0x0 binaries/lflread.o
 .data          0x0000000000120024        0x0 binaries/lflseek.o
 .data          0x0000000000120024        0x0 binaries/lflwrite.o
 .data          0x0000000000120024        0x0 binaries/lfscheck.o
 .data          0x0000000000120024        0x0 binaries/lfsckfmt.o
 .data          0x0000000000120024        0x0 binaries/lfscreate.o
 .data          0x0000000000120024        0x0 binaries/lfsetup.o
 .data          0x0000000000120024        0x0 binaries/lfsinit.o
 .data          0x0000000000120024        0x0 binaries/lfsopen.o
 .data          0x0000000000120024        0x0 binaries/lftruncate.o
 .data          0x0000000000120024        0x0 binaries/rflclose.o
 .data          0x0000000000120024        0x0 binaries/rflgetc.o
 .data          0x0000000000120024        0x0 binaries/rflinit.o
 .data          0x0000000000120024        0x0 binaries/rflputc.o
 .data          0x0000000000120024        0x0 binaries/rflread.o
 .data          0x0000000000120024        0x0 binaries/rflseek.o
 .data          0x0000000000120024        0x0 binaries/rflwrite.o
 .data          0x0000000000120024        0x0 binaries/rfscomm.o
 .data          0x0000000000120024        0x0 binaries/rfscontrol.o
 .data          0x0000000000120024        0x0 binaries/rfsgetmode.o
 .data          0x0000000000120024        0x0 binaries/rfsinit.o
 .data          0x0000000000120024        0x0 binaries/rfsndmsg.o
 .data          0x0000000000120024        0x0 binaries/rfsopen.o
 .data          0x0000000000120024        0x0 binaries/arp.o
 .data          0x0000000000120024        0x0 binaries/dhcp.o
 .data          0x0000000000120024        0x0 binaries/dns.o
 .data          0x0000000000120024        0x0 binaries/dot2ip.o
 .data          0x0000000000120024        0x0 binaries/hexdump.o
 .data          0x0000000000120024        0x4 binaries/icmp.o
 .data          0x0000000000120028        0x0 binaries/ip.o
 .data          0x0000000000120028        0x0 binaries/net.o
 .data          0x0000000000120028        0x0 binaries/pdump.o
 .data          0x0000000000120028        0x0 binaries/tftp.o
 .data          0x0000000000120028        0x4 binaries/udp.o
 .data          0x000000000012002c        0x0 binaries/addargs.o
 .data          0x000000000012002c        0x0 binaries/lexan.o
 .data          0x000000000012002c        0x4 binaries/shell.o
                0x000000000012002c                ncmd
 *fill*         0x0000000000120030       0x10 
 .data.rel.ro   0x0000000000120040       0xfc binaries/shell.o
                0x0000000000120040                cmdtab
 .data          0x000000000012013c        0x0 binaries/xsh_argecho.o
 .data          0x000000000012013c        0x0 binaries/xsh_arp.o
 .data          0x000000000012013c        0x0 binaries/xsh_cat.o
 .data          0x000000000012013c        0x0 binaries/xsh_clear.o
 .data          0x000000000012013c        0x0 binaries/xsh_date.o
 .data          0x000000000012013c        0x0 binaries/xsh_devdump.o
 .data          0x000000000012013c        0x0 binaries/xsh_echo.o
 .data          0x000000000012013c        0x0 binaries/xsh_exit.o
 .data          0x000000000012013c        0x0 binaries/xsh_help.o
 .data          0x000000000012013c        0x0 binaries/xsh_kill.o
 .data          0x000000000012013c        0x0 binaries/xsh_memdump.o
 .data          0x000000000012013c        0x0 binaries/xsh_memstat.o
 .data          0x000000000012013c        0x0 binaries/xsh_netinfo.o
 .data          0x000000000012013c        0x0 binaries/xsh_ping.o
 *fill*         0x000000000012013c        0x4 
 .data          0x0000000000120140       0x20 binaries/xsh_ps.o
 .data          0x0000000000120160        0x0 binaries/xsh_sleep.o
 .data          0x0000000000120160        0x0 binaries/xsh_udpdump.o
 .data          0x0000000000120160        0x0 binaries/xsh_udpecho.o
 .data          0x0000000000120160        0x0 binaries/xsh_udpserver.o
 .data          0x0000000000120160        0x0 binaries/xsh_uptime.o
 .data          0x0000000000120160        0x0 binaries/clkdisp.o
 .data          0x0000000000120160        0x0 binaries/ctxsw.o
 .data          0x0000000000120160        0x0 binaries/intr.o
 .data          0x0000000000120160        0x0 binaries/ttydispatch.o
 .data          0x0000000000120160        0x0 binaries/ethdispatch.o
                0x0000000000120160                edata = ABSOLUTE (.)
                0x0000000000121000                . = ALIGN (0x1000)
 *fill*         0x0000000000120160      0xea0 

.got            0x0000000000121000        0x0
 .got           0x0000000000121000        0x0 binaries/start.o

.got.plt        0x0000000000121000        0xc
 .got.plt       0x0000000000121000        0xc binaries/start.o
                0x0000000000121000                _GLOBAL_OFFSET_TABLE_

.igot.plt       0x000000000012100c        0x0
 .igot.plt      0x000000000012100c        0x0 binaries/start.o

.bss            0x0000000000121020    0x1ffe0
                0x0000000000121020                bss = ABSOLUTE (.)
 *(.bss .bss.*)
 .bss           0x0000000000121020        0x0 binaries/start.o
 .bss           0x0000000000121020        0x0 binaries/ascdate.o
 .bss           0x0000000000121020        0x0 binaries/bufinit.o
 .bss           0x0000000000121020        0x0 binaries/chprio.o
 .bss           0x0000000000121020        0x0 binaries/clkhandler.o
 .bss           0x0000000000121020        0x4 binaries/clkinit.o
                0x0000000000121020                ctr1000
 .bss           0x0000000000121024        0x0 binaries/close.o
 .bss           0x0000000000121024        0x0 binaries/conf.o
 .bss           0x0000000000121024        0x0 binaries/control.o
 .bss           0x0000000000121024        0x0 binaries/create.o
 .bss           0x0000000000121024        0x4 binaries/early_imr.o
 .bss           0x0000000000121028        0x0 binaries/evec.o
 .bss           0x0000000000121028        0x0 binaries/exit.o
 .bss           0x0000000000121028        0x0 binaries/freebuf.o
 .bss           0x0000000000121028        0x0 binaries/freemem.o
 .bss           0x0000000000121028        0x0 binaries/getbuf.o
 .bss           0x0000000000121028        0x0 binaries/getc.o
 .bss           0x0000000000121028        0x0 binaries/getdev.o
 .bss           0x0000000000121028        0x0 binaries/getitem.o
 .bss           0x0000000000121028        0x0 binaries/getmem.o
 .bss           0x0000000000121028        0x0 binaries/getpid.o
 .bss           0x0000000000121028        0x0 binaries/getprio.o
 .bss           0x0000000000121028        0x0 binaries/getstk.o
 .bss           0x0000000000121028        0x0 binaries/getticks.o
 .bss           0x0000000000121028        0x0 binaries/gettime.o
 .bss           0x0000000000121028        0x0 binaries/getutime.o
 .bss           0x0000000000121028        0x0 binaries/init.o
 .bss           0x0000000000121028        0x0 binaries/initialize.o
 .bss           0x0000000000121028        0x0 binaries/insert.o
 .bss           0x0000000000121028        0x0 binaries/insertd.o
 .bss           0x0000000000121028        0x0 binaries/ioerr.o
 .bss           0x0000000000121028        0x0 binaries/ionull.o
 .bss           0x0000000000121028        0x0 binaries/kill.o
 .bss           0x0000000000121028        0x0 binaries/kprintf.o
 .bss           0x0000000000121028        0x0 binaries/main.o
 .bss           0x0000000000121028        0x0 binaries/mark.o
 .bss           0x0000000000121028        0x0 binaries/meminit.o
 .bss           0x0000000000121028        0x0 binaries/mkbufpool.o
 .bss           0x0000000000121028        0x0 binaries/mymotd.o
 .bss           0x0000000000121028        0x0 binaries/newqueue.o
 .bss           0x0000000000121028        0x0 binaries/open.o
 .bss           0x0000000000121028        0x0 binaries/panic.o
 .bss           0x0000000000121028        0x0 binaries/pci.o
 .bss           0x0000000000121028        0x0 binaries/platinit.o
 .bss           0x0000000000121028        0x0 binaries/ptclear.o
 .bss           0x0000000000121028        0x0 binaries/ptcount.o
 .bss           0x0000000000121028        0x0 binaries/ptcreate.o
 .bss           0x0000000000121028        0x0 binaries/ptdelete.o
 .bss           0x0000000000121028        0x0 binaries/ptinit.o
 .bss           0x0000000000121028        0x0 binaries/ptrecv.o
 .bss           0x0000000000121028        0x0 binaries/ptreset.o
 .bss           0x0000000000121028        0x0 binaries/ptsend.o
 .bss           0x0000000000121028        0x0 binaries/putc.o
 .bss           0x0000000000121028        0x0 binaries/quark_irq.o
 .bss           0x0000000000121028        0x0 binaries/quark_pdat.o
 .bss           0x0000000000121028        0x0 binaries/queue.o